\BOOKMARK [1][-]{section.1}{\376\377\000S\000c\000o\000p\000e\000\040\000a\000n\000d\000\040\000o\000n\000e\000-\000p\000a\000r\000a\000g\000r\000a\000p\000h\000\040\000s\000t\000a\000t\000e\000m\000e\000n\000t}{}% 1
\BOOKMARK [1][-]{section.2}{\376\377\000C\000o\000r\000r\000e\000c\000t\000e\000d\000\040\000l\000i\000t\000e\000r\000a\000t\000u\000r\000e\000\040\000f\000o\000u\000n\000d\000a\000t\000i\000o\000n}{}% 2
\BOOKMARK [2][-]{subsection.2.1}{\376\377\000T\000h\000e\000\040\000R\000a\000o\000\040\0001\0009\0005\0008\000\040\000v\000s\000.\000\040\000R\000a\000o\000\040\0001\0009\0009\0009\000\040\000c\000o\000r\000r\000e\000c\000t\000i\000o\000n\000\040\000\050\000l\000o\000a\000d\000-\000b\000e\000a\000r\000i\000n\000g\000\051}{section.2}% 3
\BOOKMARK [2][-]{subsection.2.2}{\376\377\000V\000e\000r\000i\000f\000i\000e\000d\000\040\000s\000o\000u\000r\000c\000e\000\040\000i\000d\000e\000n\000t\000i\000t\000i\000e\000s}{section.2}% 4
\BOOKMARK [2][-]{subsection.2.3}{\376\377\000V\000e\000r\000i\000f\000i\000e\000d\000\040\000d\000i\000s\000c\000i\000p\000l\000i\000n\000e\000\040\000m\000a\000p\000p\000i\000n\000g\000s}{section.2}% 5
\BOOKMARK [1][-]{section.3}{\376\377\000S\000y\000s\000t\000e\000m\000\040\000b\000o\000u\000n\000d\000a\000r\000y\000\040\000a\000n\000d\000\040\000m\000a\000s\000s\000\040\000l\000e\000d\000g\000e\000r}{}% 6
\BOOKMARK [1][-]{section.4}{\376\377\000M\000a\000t\000h\000e\000m\000a\000t\000i\000c\000a\000l\000\040\000f\000o\000r\000m\000u\000l\000a\000t\000i\000o\000n}{}% 7
\BOOKMARK [2][-]{subsection.4.1}{\376\377\000V\000a\000r\000i\000a\000b\000l\000e\000s\000\040\000a\000n\000d\000\040\000s\000t\000a\000t\000e\000s}{section.4}% 8
\BOOKMARK [2][-]{subsection.4.2}{\376\377\000T\000h\000e\000\040\000M\000D\000F\000\040\000o\000p\000t\000i\000m\000i\000z\000a\000t\000i\000o\000n\000\040\000p\000r\000o\000b\000l\000e\000m}{section.4}% 9
\BOOKMARK [2][-]{subsection.4.3}{\376\377\000T\000o\000t\000a\000l\000\040\000d\000e\000r\000i\000v\000a\000t\000i\000v\000e\000s\000\040\000b\000y\000\040\000i\000m\000p\000l\000i\000c\000i\000t\000\040\000d\000i\000f\000f\000e\000r\000e\000n\000t\000i\000a\000t\000i\000o\000n}{section.4}% 10
\BOOKMARK [2][-]{subsection.4.4}{\376\377\000D\000i\000f\000f\000e\000r\000e\000n\000t\000i\000a\000t\000i\000n\000g\000\040\000c\000o\000n\000v\000e\000r\000g\000e\000d\000\040\000f\000i\000x\000e\000d\000\040\000p\000o\000i\000n\000t\000s}{section.4}% 11
\BOOKMARK [1][-]{section.5}{\376\377\000C\000o\000u\000p\000l\000i\000n\000g\000\040\000s\000t\000r\000u\000c\000t\000u\000r\000e}{}% 12
\BOOKMARK [1][-]{section.6}{\376\377\000D\000i\000s\000c\000i\000p\000l\000i\000n\000a\000r\000y\000\040\000m\000o\000d\000e\000l\000s\000\040\000a\000n\000d\000\040\000r\000e\000s\000i\000d\000u\000a\000l\000\040\000b\000l\000o\000c\000k\000s}{}% 13
\BOOKMARK [2][-]{subsection.6.1}{\376\377\000N\000o\000z\000z\000l\000e\000\040\000a\000n\000d\000\040\000p\000e\000r\000f\000o\000r\000m\000a\000n\000c\000e}{section.6}% 14
\BOOKMARK [2][-]{subsection.6.2}{\376\377\000R\000e\000g\000e\000n\000e\000r\000a\000t\000i\000v\000e\000\040\000c\000o\000o\000l\000i\000n\000g}{section.6}% 15
\BOOKMARK [2][-]{subsection.6.3}{\376\377\000I\000n\000j\000e\000c\000t\000o\000r\000\040\000a\000n\000d\000\040\000s\000p\000r\000a\000y}{section.6}% 16
\BOOKMARK [2][-]{subsection.6.4}{\376\377\000P\000u\000m\000p\000s\000\040\000a\000n\000d\000\040\000e\000l\000e\000c\000t\000r\000i\000c\000a\000l\000\040\000s\000y\000s\000t\000e\000m}{section.6}% 17
\BOOKMARK [1][-]{section.7}{\376\377\000T\000h\000e\000\040\000R\000a\000o\000\040\000e\000x\000i\000s\000t\000e\000n\000c\000e\000\040\000b\000o\000u\000n\000d\000a\000r\000y\000:\000\040\000a\000\040\000t\000h\000r\000e\000e\000-\000d\000i\000a\000g\000n\000o\000s\000t\000i\000c\000\040\000f\000r\000a\000m\000e\000w\000o\000r\000k}{}% 18
\BOOKMARK [1][-]{section.8}{\376\377\000O\000b\000j\000e\000c\000t\000i\000v\000e\000s\000\040\000a\000n\000d\000\040\000c\000o\000n\000s\000t\000r\000a\000i\000n\000t\000s}{}% 19
\BOOKMARK [1][-]{section.9}{\376\377\000D\000i\000f\000f\000e\000r\000e\000n\000t\000i\000a\000b\000i\000l\000i\000t\000y\000\040\000r\000u\000l\000e\000s}{}% 20
\BOOKMARK [1][-]{section.10}{\376\377\000R\000e\000p\000o\000s\000i\000t\000o\000r\000y\000\040\000a\000r\000c\000h\000i\000t\000e\000c\000t\000u\000r\000e}{}% 21
\BOOKMARK [1][-]{section.11}{\376\377\000I\000m\000p\000l\000e\000m\000e\000n\000t\000a\000t\000i\000o\000n\000\040\000p\000h\000a\000s\000e\000s\000\040\000a\000n\000d\000\040\000a\000c\000c\000e\000p\000t\000a\000n\000c\000e\000\040\000g\000a\000t\000e\000s}{}% 22
\BOOKMARK [1][-]{section.12}{\376\377\000I\000m\000p\000l\000e\000m\000e\000n\000t\000a\000t\000i\000o\000n\000\040\000a\000n\000d\000\040\000s\000e\000q\000u\000e\000n\000c\000i\000n\000g}{}% 23
\BOOKMARK [2][-]{subsection.12.1}{\376\377\000F\000o\000u\000r\000\040\000r\000u\000l\000e\000s\000\040\000t\000h\000a\000t\000\040\000k\000e\000e\000p\000\040\000i\000t\000\040\000t\000r\000a\000c\000t\000a\000b\000l\000e}{section.12}% 24
\BOOKMARK [2][-]{subsection.12.2}{\376\377\000P\000h\000a\000s\000e\000-\000t\000o\000-\000c\000o\000d\000e\000\040\000m\000a\000p\000p\000i\000n\000g}{section.12}% 25
\BOOKMARK [2][-]{subsection.12.3}{\376\377\000T\000h\000e\000\040\000c\000o\000u\000p\000l\000e\000d\000-\000s\000o\000l\000v\000e\000\040\000c\000o\000r\000e\000\040\000\050\000P\000h\000a\000s\000e\000\040\0007\000\051}{section.12}% 26
\BOOKMARK [2][-]{subsection.12.4}{\376\377\000T\000w\000o\000\040\000p\000a\000r\000a\000l\000l\000e\000l\000\040\000t\000r\000a\000c\000k\000s}{section.12}% 27
\BOOKMARK [2][-]{subsection.12.5}{\376\377\000F\000i\000r\000s\000t\000\040\000i\000n\000c\000r\000e\000m\000e\000n\000t\000\040\000\050\000t\000h\000e\000\040\000w\000a\000l\000k\000i\000n\000g\000\040\000s\000k\000e\000l\000e\000t\000o\000n\000\051}{section.12}% 28
\BOOKMARK [1][-]{section.13}{\376\377\000O\000p\000e\000n\000\040\000r\000i\000s\000k\000s\000\040\000a\000n\000d\000\040\000d\000e\000c\000i\000s\000i\000o\000n\000\040\000l\000o\000g}{}% 29
