\BOOKMARK [1][-]{section.1}{\376\377\000E\000x\000e\000c\000u\000t\000i\000v\000e\000\040\000S\000u\000m\000m\000a\000r\000y}{}% 1
\BOOKMARK [1][-]{section.2}{\376\377\000R\000e\000p\000o\000s\000i\000t\000o\000r\000y\000\040\000S\000t\000r\000u\000c\000t\000u\000r\000e}{}% 2
\BOOKMARK [2][-]{subsection.2.1}{\376\377\000P\000a\000c\000k\000a\000g\000e\000\040\000M\000o\000d\000u\000l\000e\000s}{section.2}% 3
\BOOKMARK [1][-]{section.3}{\376\377\000M\000a\000t\000h\000e\000m\000a\000t\000i\000c\000a\000l\000\040\000F\000o\000u\000n\000d\000a\000t\000i\000o\000n\000s}{}% 4
\BOOKMARK [2][-]{subsection.3.1}{\376\377\000I\000s\000e\000n\000t\000r\000o\000p\000i\000c\000\040\000G\000a\000s\000\040\000D\000y\000n\000a\000m\000i\000c\000s}{section.3}% 5
\BOOKMARK [2][-]{subsection.3.2}{\376\377\000N\000o\000z\000z\000l\000e\000\040\000C\000o\000n\000t\000o\000u\000r\000\040\000G\000e\000n\000e\000r\000a\000t\000i\000o\000n}{section.3}% 6
\BOOKMARK [3][-]{subsubsection.3.2.1}{\376\377\000U\000p\000s\000t\000r\000e\000a\000m\000\040\000C\000o\000n\000v\000e\000r\000g\000e\000n\000t\000\040\000A\000r\000c}{subsection.3.2}% 7
\BOOKMARK [3][-]{subsubsection.3.2.2}{\376\377\000D\000o\000w\000n\000s\000t\000r\000e\000a\000m\000\040\000T\000h\000r\000o\000a\000t\000\040\000A\000r\000c}{subsection.3.2}% 8
\BOOKMARK [3][-]{subsubsection.3.2.3}{\376\377\000D\000i\000v\000e\000r\000g\000e\000n\000t\000\040\000B\000e\000l\000l\000\040\000S\000e\000c\000t\000i\000o\000n}{subsection.3.2}% 9
\BOOKMARK [2][-]{subsection.3.3}{\376\377\000M\000e\000t\000h\000o\000d\000\040\000o\000f\000\040\000C\000h\000a\000r\000a\000c\000t\000e\000r\000i\000s\000t\000i\000c\000s}{section.3}% 10
\BOOKMARK [2][-]{subsection.3.4}{\376\377\000R\000a\000o\000\040\000V\000a\000r\000i\000a\000t\000i\000o\000n\000a\000l\000\040\000O\000p\000t\000i\000m\000i\000s\000a\000t\000i\000o\000n}{section.3}% 11
\BOOKMARK [2][-]{subsection.3.5}{\376\377\000E\000n\000g\000i\000n\000e\000\040\000P\000e\000r\000f\000o\000r\000m\000a\000n\000c\000e}{section.3}% 12
\BOOKMARK [2][-]{subsection.3.6}{\376\377\000F\000l\000o\000w\000\040\000S\000e\000p\000a\000r\000a\000t\000i\000o\000n\000\040\000C\000r\000i\000t\000e\000r\000i\000a}{section.3}% 13
\BOOKMARK [2][-]{subsection.3.7}{\376\377\000A\000t\000m\000o\000s\000p\000h\000e\000r\000e\000\040\000M\000o\000d\000e\000l}{section.3}% 14
\BOOKMARK [1][-]{section.4}{\376\377\000C\000L\000I\000\040\000I\000n\000t\000e\000r\000f\000a\000c\000e\000\040\000W\000a\000l\000k\000t\000h\000r\000o\000u\000g\000h}{}% 15
\BOOKMARK [2][-]{subsection.4.1}{\376\377\000T\000h\000r\000e\000e\000\040\000O\000p\000e\000r\000a\000t\000i\000n\000g\000\040\000M\000o\000d\000e\000s}{section.4}% 16
\BOOKMARK [2][-]{subsection.4.2}{\376\377\000K\000e\000y\000\040\000C\000L\000I\000\040\000F\000l\000a\000g\000s}{section.4}% 17
\BOOKMARK [2][-]{subsection.4.3}{\376\377\000I\000n\000t\000e\000r\000a\000c\000t\000i\000v\000e\000\040\000M\000o\000d\000e\000\040\000F\000l\000o\000w}{section.4}% 18
\BOOKMARK [2][-]{subsection.4.4}{\376\377\000B\000u\000i\000l\000d\000\040\000S\000y\000s\000t\000e\000m}{section.4}% 19
\BOOKMARK [1][-]{section.5}{\376\377\000P\000r\000o\000p\000e\000l\000l\000a\000n\000t\000\040\000D\000a\000t\000a\000b\000a\000s\000e}{}% 20
\BOOKMARK [1][-]{section.6}{\376\377\000E\000x\000p\000o\000r\000t\000\040\000C\000a\000p\000a\000b\000i\000l\000i\000t\000i\000e\000s}{}% 21
\BOOKMARK [2][-]{subsection.6.1}{\376\377\000C\000S\000V\000\040\000E\000x\000p\000o\000r\000t}{section.6}% 22
\BOOKMARK [2][-]{subsection.6.2}{\376\377\000S\000T\000L\000\040\000E\000x\000p\000o\000r\000t}{section.6}% 23
\BOOKMARK [1][-]{section.7}{\376\377\000A\000n\000a\000l\000y\000s\000i\000s\000\040\000F\000e\000a\000t\000u\000r\000e\000s}{}% 24
\BOOKMARK [2][-]{subsection.7.1}{\376\377\000W\000a\000l\000l\000\040\000P\000r\000e\000s\000s\000u\000r\000e\000\040\000D\000i\000s\000t\000r\000i\000b\000u\000t\000i\000o\000n}{section.7}% 25
\BOOKMARK [2][-]{subsection.7.2}{\376\377\000F\000l\000o\000w\000\040\000S\000e\000p\000a\000r\000a\000t\000i\000o\000n\000\040\000P\000r\000e\000d\000i\000c\000t\000i\000o\000n}{section.7}% 26
\BOOKMARK [2][-]{subsection.7.3}{\376\377\000A\000l\000t\000i\000t\000u\000d\000e\000\040\000P\000e\000r\000f\000o\000r\000m\000a\000n\000c\000e\000\040\000M\000a\000p}{section.7}% 27
\BOOKMARK [2][-]{subsection.7.4}{\376\377\000C\000o\000m\000b\000u\000s\000t\000i\000o\000n\000\040\000C\000h\000a\000m\000b\000e\000r\000\040\000S\000i\000z\000i\000n\000g}{section.7}% 28
\BOOKMARK [2][-]{subsection.7.5}{\376\377\000N\000o\000z\000z\000l\000e\000\040\000C\000o\000m\000p\000a\000r\000i\000s\000o\000n}{section.7}% 29
\BOOKMARK [2][-]{subsection.7.6}{\376\377\000T\000r\000a\000d\000e\000\040\000S\000t\000u\000d\000i\000e\000s}{section.7}% 30
\BOOKMARK [1][-]{section.8}{\376\377\000C\000a\000p\000a\000b\000i\000l\000i\000t\000i\000e\000s\000\040\000S\000u\000m\000m\000a\000r\000y}{}% 31
\BOOKMARK [1][-]{section.9}{\376\377\000L\000i\000m\000i\000t\000a\000t\000i\000o\000n\000s}{}% 32
\BOOKMARK [1][-]{section.10}{\376\377\000R\000e\000f\000e\000r\000e\000n\000c\000e\000s}{}% 33
